pic:crouch_down_01.png:25:53:
pic:crouch_down_02.png:25:53:
pic:crouch_down_03.png:25:53:
pic:crouch_down_04.png:25:53:
pic:crouch_down_05.png:25:53:
pic:crouch_down_06.png:25:53:
pic:crouch_down_07.png:25:53:
pic:crouch_down_08.png:25:53:
pic:crouch_down_09.png:25:53:
pic:forward_jump_01.png:38:71:
pic:forward_jump_02.png:38:71:
pic:forward_jump_03.png:38:71:
pic:forward_jump_04.png:38:71:
pic:forward_jump_05.png:38:71:
pic:forward_jump_06.png:38:71:
pic:forward_jump_07.png:38:71:
pic:forward_jump_08.png:38:71:
pic:forward_jump_09.png:38:71:
pic:forward_jump_10.png:38:71:
pic:forward_jump_11.png:38:71:
pic:forward_jump_12.png:38:71:
pic:forward_jump_13.png:38:71:
pic:forward_jump_14.png:38:71:
pic:forward_jump_15.png:38:71:
pic:forward_jump_16.png:38:71:
pic:forward_jump_17.png:38:71:
pic:forward_jump_18.png:38:71:
pic:run_01.png:38:54:
pic:run_02.png:38:54:
pic:run_03.png:38:54:
pic:run_04.png:38:54:
pic:run_05.png:38:54:
pic:run_06.png:38:54:
pic:run_07.png:38:54:
pic:run_08.png:38:54:
pic:run_09.png:38:54:
pic:run_10.png:38:54:
pic:run_11.png:38:54:
pic:run_12.png:38:54:
pic:stand.png:28:54:
pic:stand_up_01.png:25:53:
pic:stand_up_02.png:25:53:
pic:stand_up_03.png:25:53:
pic:stand_up_04.png:25:53:
pic:stand_up_05.png:25:53:
pic:stand_up_06.png:25:53:
pic:standing_jump_01.png:37:95:
pic:standing_jump_02.png:37:95:
pic:standing_jump_03.png:37:95:
pic:standing_jump_04.png:37:95:
pic:standing_jump_05.png:37:95:
pic:standing_jump_06.png:37:95:
pic:standing_jump_07.png:37:95:
pic:standing_jump_08.png:37:95:
pic:standing_jump_09.png:37:95:
pic:standing_jump_10.png:37:95:
pic:standing_jump_11.png:37:95:
pic:standing_jump_12.png:37:95:
pic:standing_jump_13.png:37:95:
pic:standing_jump_14.png:37:95:
pic:standing_jump_15.png:37:95:
pic:standing_jump_16.png:37:95:
pic:standing_jump_17.png:37:95:
pic:standing_jump_18.png:37:95:
pic:standing_jump_19.png:37:95:
pic:walk_01.png:28:54:
pic:walk_02.png:28:54:
pic:walk_03.png:28:54:
pic:walk_04.png:28:54:
pic:walk_05.png:28:54:
pic:walk_06.png:28:54:
pic:walk_07.png:28:54:
pic:walk_08.png:28:54:
pic:walk_09.png:28:54:
pic:walk_10.png:28:54:
pic:walk_11.png:28:54:
pic:walk_12.png:28:54:
#eof


